Copyright 1986-2018 Xilinx, Inc. All Rights Reserved.
------------------------------------------------------------------------------------------------------
| Tool Version : Vivado v.2018.1 (win64) Build 2188600 Wed Apr  4 18:40:38 MDT 2018
| Date         : Tue Jun 26 22:05:22 2018
| Host         : DESKTOP-NNR7SS1 running 64-bit major release  (build 9200)
| Command      : report_control_sets -verbose -file accumulator_block_wrapper_control_sets_placed.rpt
| Design       : accumulator_block_wrapper
| Device       : xcvu9p
------------------------------------------------------------------------------------------------------

Control Set Information

Table of Contents
-----------------
1. Summary
2. Histogram
3. Flip-Flop Distribution
4. Detailed Control Set Information

1. Summary
----------

+----------------------------------------------------------+-------+
|                          Status                          | Count |
+----------------------------------------------------------+-------+
| Number of unique control sets                            |   150 |
| Unused register locations in slices containing registers |   193 |
+----------------------------------------------------------+-------+


2. Histogram
------------

+--------+--------------+
| Fanout | Control Sets |
+--------+--------------+
|      1 |           16 |
|      2 |           22 |
|      3 |           10 |
|      4 |           14 |
|      5 |            7 |
|      6 |            8 |
|      7 |            1 |
|      8 |           16 |
|      9 |            1 |
|     10 |            3 |
|     11 |            1 |
|     12 |            2 |
|     14 |            1 |
|    16+ |           48 |
+--------+--------------+


3. Flip-Flop Distribution
-------------------------

+--------------+-----------------------+------------------------+-----------------+--------------+
| Clock Enable | Synchronous Set/Reset | Asynchronous Set/Reset | Total Registers | Total Slices |
+--------------+-----------------------+------------------------+-----------------+--------------+
| No           | No                    | No                     |             395 |           62 |
| No           | No                    | Yes                    |              29 |            5 |
| No           | Yes                   | No                     |             468 |          123 |
| Yes          | No                    | No                     |             454 |           72 |
| Yes          | No                    | Yes                    |              15 |            7 |
| Yes          | Yes                   | No                     |            1302 |          234 |
+--------------+-----------------------+------------------------+-----------------+--------------+


4. Detailed Control Set Information
-----------------------------------

+----------------------------------------------------------------------+---------------------------------------------------------------------------------------------------------------------------------------------------------------------------------------------------------------------+----------------------------------------------------------------------------------------------------------------------------------------------------------------+------------------+----------------+
|                             Clock Signal                             |                                                                                                    Enable Signal                                                                                                    |                                                                        Set/Reset Signal                                                                        | Slice Load Count | Bel Load Count |
+----------------------------------------------------------------------+---------------------------------------------------------------------------------------------------------------------------------------------------------------------------------------------------------------------+----------------------------------------------------------------------------------------------------------------------------------------------------------------+------------------+----------------+
|  accumulator_block_i/clk_wiz_1/inst/clk_out1                         |                                                                                                                                                                                                                     | accumulator_block_i/microblaze_0/U0/MicroBlaze_Core_I/Performance.Core/Decode_I/Using_FPGA.Native_12                                                           |                1 |              1 |
|  accumulator_block_i/clk_wiz_1/inst/clk_out1                         | accumulator_block_i/microblaze_0/U0/MicroBlaze_Core_I/Performance.Core/Decode_I/R_reg[32]                                                                                                                           |                                                                                                                                                                |                0 |              1 |
|  accumulator_block_i/mdm_1/U0/No_Dbg_Reg_Access.BUFG_DRCK/Dbg_Clk_31 | accumulator_block_i/mdm_1/U0/Use_E2.BSCAN_I/Dbg_Capture_0                                                                                                                                                           | accumulator_block_i/mdm_1/U0/MDM_Core_I1/JTAG_CONTROL_I/sel_reset                                                                                              |                1 |              1 |
|  accumulator_block_i/clk_wiz_1/inst/clk_out1                         |                                                                                                                                                                                                                     | accumulator_block_i/microblaze_0/U0/MicroBlaze_Core_I/Performance.Core/Data_Flow_I/FPU_I/Use_FPU.FPU_ADDSUB_I/mem_possible_zero_40_out                         |                0 |              1 |
| ~accumulator_block_i/mdm_1/U0/No_Dbg_Reg_Access.BUFG_DRCK/Dbg_Clk_31 | accumulator_block_i/mdm_1/U0/MDM_Core_I1/JTAG_CONTROL_I/Use_BSCAN.FDC_I/CE                                                                                                                                          | accumulator_block_i/mdm_1/U0/MDM_Core_I1/JTAG_CONTROL_I/Use_BSCAN.FDC_I/Q_0                                                                                    |                1 |              1 |
|  accumulator_block_i/clk_wiz_1/inst/clk_out1                         | accumulator_block_i/microblaze_0/U0/MicroBlaze_Core_I/Performance.Core/Data_Flow_I/FPU_I/Use_FPU.FPU_DIV_I/E[0]                                                                                                     | accumulator_block_i/microblaze_0/U0/MicroBlaze_Core_I/Performance.Core/Decode_I/Use_MuxCy[3].OF_Piperun_Stage/MUXCY_I/mem_D_reg[31]                            |                1 |              1 |
|  accumulator_block_i/clk_wiz_1/inst/clk_out1                         |                                                                                                                                                                                                                     | accumulator_block_i/microblaze_0_axi_periph/xbar/inst/gen_sasd.crossbar_sasd_0/addr_arbiter_inst/gen_arbiter.s_ready_i[2]_i_1_n_0                              |                0 |              1 |
| ~accumulator_block_i/mdm_1/U0/Use_E2.BSCAN_I/Ext_JTAG_UPDATE         |                                                                                                                                                                                                                     | accumulator_block_i/mdm_1/U0/MDM_Core_I1/JTAG_CONTROL_I/sel_n                                                                                                  |                1 |              1 |
|  accumulator_block_i/mdm_1/U0/Use_E2.BSCAN_I/Ext_JTAG_UPDATE         | accumulator_block_i/microblaze_0/U0/MicroBlaze_Core_I/Performance.Core/Use_Debug_Logic.Master_Core.Debug_Perf/Control_Reg_En                                                                                        | accumulator_block_i/microblaze_0/U0/MicroBlaze_Core_I/Performance.Core/Use_Debug_Logic.Master_Core.Debug_Perf/Serial_Dbg_Intf.normal_stop_cmd_i_reg_n_0        |                1 |              1 |
|  accumulator_block_i/clk_wiz_1/inst/clk_out1                         |                                                                                                                                                                                                                     | accumulator_block_i/microblaze_0/U0/MicroBlaze_Core_I/Performance.Core/Use_Debug_Logic.Master_Core.Debug_Perf/capture_1                                        |                0 |              1 |
|  accumulator_block_i/mdm_1/U0/Use_E2.BSCAN_I/Ext_JTAG_UPDATE         | accumulator_block_i/microblaze_0/U0/MicroBlaze_Core_I/Performance.Core/Use_Debug_Logic.Master_Core.Debug_Perf/Control_Reg_En                                                                                        | accumulator_block_i/microblaze_0/U0/MicroBlaze_Core_I/Performance.Core/Use_Debug_Logic.Master_Core.Debug_Perf/start_single_step_reg_n_0                        |                1 |              1 |
|  accumulator_block_i/mdm_1/U0/Use_E2.BSCAN_I/Ext_JTAG_UPDATE         | accumulator_block_i/microblaze_0/U0/MicroBlaze_Core_I/Performance.Core/Use_Debug_Logic.Master_Core.Debug_Perf/Control_Reg_En                                                                                        | accumulator_block_i/microblaze_0/U0/MicroBlaze_Core_I/Performance.Core/Use_Debug_Logic.Master_Core.Debug_Perf/Performance_Debug_Control.force_stop_cmd_1_reg_0 |                1 |              1 |
|  accumulator_block_i/mdm_1/U0/Use_E2.BSCAN_I/Ext_JTAG_UPDATE         |                                                                                                                                                                                                                     |                                                                                                                                                                |                0 |              1 |
|  accumulator_block_i/clk_wiz_1/inst/clk_out1                         | accumulator_block_i/microblaze_0/U0/MicroBlaze_Core_I/Performance.Core/Data_Flow_I/FPU_I/Use_FPU.FPU_DIV_I/mem_start_div                                                                                            | accumulator_block_i/microblaze_0/U0/MicroBlaze_Core_I/Performance.Core/Data_Flow_I/FPU_I/Use_FPU.FPU_DIV_I/MEM_Div_Dec_Exp_40                                  |                1 |              1 |
|  accumulator_block_i/clk_wiz_1/inst/clk_out1                         | accumulator_block_i/microblaze_0_axi_periph/xbar/inst/gen_sasd.crossbar_sasd_0/addr_arbiter_inst/any_grant                                                                                                          | accumulator_block_i/microblaze_0_axi_periph/xbar/inst/gen_sasd.crossbar_sasd_0/addr_arbiter_inst/gen_arbiter.m_grant_hot_i[2]_i_1_n_0                          |                0 |              1 |
|  accumulator_block_i/mdm_1/U0/Use_E2.BSCAN_I/Ext_JTAG_UPDATE         | accumulator_block_i/microblaze_0/U0/MicroBlaze_Core_I/Performance.Core/Use_Debug_Logic.Master_Core.Debug_Perf/Control_Reg_En                                                                                        | accumulator_block_i/microblaze_0/U0/MicroBlaze_Core_I/Performance.Core/Use_Debug_Logic.Master_Core.Debug_Perf/Serial_Dbg_Intf.continue_from_brk_reg_n_0        |                0 |              1 |
|  accumulator_block_i/mdm_1/U0/No_Dbg_Reg_Access.BUFG_DRCK/Dbg_Clk_31 | accumulator_block_i/mdm_1/U0/MDM_Core_I1/JTAG_CONTROL_I/Use_BSCAN.SYNC_FDRE/E[0]                                                                                                                                    |                                                                                                                                                                |                0 |              2 |
|  accumulator_block_i/clk_wiz_1/inst/clk_out1                         |                                                                                                                                                                                                                     | accumulator_block_i/microblaze_0_axi_periph/xbar/inst/gen_sasd.crossbar_sasd_0/addr_arbiter_inst/s_arvalid_reg                                                 |                1 |              2 |
|  accumulator_block_i/clk_wiz_1/inst/clk_out1                         |                                                                                                                                                                                                                     | accumulator_block_i/microblaze_0_axi_periph/xbar/inst/gen_sasd.crossbar_sasd_0/addr_arbiter_inst/m_ready_d_reg[0][0]                                           |                0 |              2 |
|  accumulator_block_i/mdm_1/U0/Use_E2.BSCAN_I/Ext_JTAG_UPDATE         | accumulator_block_i/microblaze_0/U0/MicroBlaze_Core_I/Performance.Core/Use_Debug_Logic.Master_Core.Debug_Perf/Command_Reg_En                                                                                        | accumulator_block_i/microblaze_0/U0/MicroBlaze_Core_I/Performance.Core/Use_Debug_Logic.Master_Core.Debug_Perf/command_reg_clear                                |                1 |              2 |
|  accumulator_block_i/clk_wiz_1/inst/clk_out1                         | accumulator_block_i/hls_macc_0/inst/hls_macc_HLS_MACC_PERIPH_BUS_s_axi_U/int_ier9_out                                                                                                                               | accumulator_block_i/rst_clk_wiz_1_100M/U0/peripheral_aresetn[0]                                                                                                |                0 |              2 |
|  accumulator_block_i/mdm_1/U0/Use_E2.BSCAN_I/Ext_JTAG_UPDATE         | accumulator_block_i/mdm_1/U0/MDM_Core_I1/JTAG_CONTROL_I/Use_BSCAN.FDC_I/Debug_Rst_i0                                                                                                                                |                                                                                                                                                                |                2 |              2 |
|  accumulator_block_i/clk_wiz_1/inst/clk_out1                         | accumulator_block_i/microblaze_0/U0/MicroBlaze_Core_I/Performance.Core/mem_databus_ready_sel_carry_or/MUXCY_I/lopt_12                                                                                               | accumulator_block_i/microblaze_0/U0/MicroBlaze_Core_I/Performance.Core/Decode_I/flush_pipe                                                                     |                1 |              2 |
|  accumulator_block_i/clk_wiz_1/inst/clk_out1                         |                                                                                                                                                                                                                     | accumulator_block_i/microblaze_0_axi_intc/U0/INTC_CORE_I/p_10_out                                                                                              |                1 |              2 |
|  accumulator_block_i/clk_wiz_1/inst/clk_out1                         |                                                                                                                                                                                                                     | accumulator_block_i/microblaze_0/U0/MicroBlaze_Core_I/Performance.Core/Decode_I/flush_pipe                                                                     |                1 |              2 |
|  accumulator_block_i/clk_wiz_1/inst/clk_out1                         |                                                                                                                                                                                                                     | accumulator_block_i/microblaze_0_axi_intc/U0/INTC_CORE_I/p_7_out8_out                                                                                          |                0 |              2 |
|  accumulator_block_i/clk_wiz_1/inst/clk_out1                         |                                                                                                                                                                                                                     | accumulator_block_i/microblaze_0/U0/MicroBlaze_Core_I/Performance.Core/Decode_I/Use_MuxCy[11].OF_Piperun_Stage/MUXCY_I/ex_valid_jump_reg                       |                0 |              2 |
|  accumulator_block_i/clk_wiz_1/inst/clk_out1                         |                                                                                                                                                                                                                     | accumulator_block_i/microblaze_0/U0/MicroBlaze_Core_I/Performance.Core/Use_Debug_Logic.Master_Core.Debug_Perf/if_fetch_in_progress_reg                         |                1 |              2 |
|  accumulator_block_i/clk_wiz_1/inst/clk_out1                         |                                                                                                                                                                                                                     | accumulator_block_i/axi_uart16550_0/U0/XUART_I_1/UART16550_I_1/GENERATING_FIFOS.fcr[2]_i_1_n_0                                                                 |                1 |              2 |
|  accumulator_block_i/clk_wiz_1/inst/clk_out1                         | accumulator_block_i/hls_macc_0/inst/hls_macc_HLS_MACC_PERIPH_BUS_s_axi_U/ar_hs                                                                                                                                      |                                                                                                                                                                |                1 |              2 |
|  accumulator_block_i/clk_wiz_1/inst/clk_out1                         | accumulator_block_i/microblaze_0_axi_intc/U0/AXI_LITE_IPIF_I/I_SLAVE_ATTACHMENT/is_read_i_1_n_0                                                                                                                     | accumulator_block_i/microblaze_0_axi_intc/U0/AXI_LITE_IPIF_I/I_SLAVE_ATTACHMENT/rst                                                                            |                0 |              2 |
|  accumulator_block_i/clk_wiz_1/inst/clk_out1                         | accumulator_block_i/microblaze_0/U0/MicroBlaze_Core_I/Performance.Core/Decode_I/ex_start_div                                                                                                                        | accumulator_block_i/microblaze_0/U0/MicroBlaze_Core_I/sync_reset                                                                                               |                0 |              2 |
|  accumulator_block_i/clk_wiz_1/inst/clk_out1                         | accumulator_block_i/microblaze_0/U0/MicroBlaze_Core_I/Performance.Core/mem_databus_ready_sel_carry_or/MUXCY_I/lopt_12                                                                                               | accumulator_block_i/microblaze_0/U0/MicroBlaze_Core_I/Performance.Core/Decode_I/Use_MuxCy[3].OF_Piperun_Stage/MUXCY_I/Use_FPU.mem_Exp_Res_2_reg[2][0]          |                1 |              2 |
|  accumulator_block_i/clk_wiz_1/inst/clk_out1                         | accumulator_block_i/microblaze_0/U0/MicroBlaze_Core_I/Performance.Core/Decode_I/Use_MuxCy[6].OF_Piperun_Stage/MUXCY_I/lopt_10                                                                                       | accumulator_block_i/microblaze_0/U0/MicroBlaze_Core_I/Performance.Core/Decode_I/Use_MuxCy[11].OF_Piperun_Stage/MUXCY_I/ex_is_div_instr_I                       |                0 |              2 |
|  accumulator_block_i/clk_wiz_1/inst/clk_out1                         | accumulator_block_i/microblaze_0/U0/MicroBlaze_Core_I/Performance.Core/Decode_I/Use_MuxCy[11].OF_Piperun_Stage/MUXCY_I/E[0]                                                                                         | accumulator_block_i/microblaze_0/U0/MicroBlaze_Core_I/sync_reset                                                                                               |                0 |              2 |
|  accumulator_block_i/clk_wiz_1/inst/clk_out1                         | accumulator_block_i/microblaze_0_axi_intc/U0/AXI_LITE_IPIF_I/I_SLAVE_ATTACHMENT/I_DECODER/bus2ip_wrce[1]                                                                                                            | accumulator_block_i/rst_clk_wiz_1_100M/U0/peripheral_aresetn[0]                                                                                                |                0 |              2 |
|  accumulator_block_i/clk_wiz_1/inst/clk_out1                         | accumulator_block_i/microblaze_0/U0/MicroBlaze_Core_I/Performance.Core/Decode_I/Use_MuxCy[6].OF_Piperun_Stage/MUXCY_I/lopt_10                                                                                       |                                                                                                                                                                |                0 |              2 |
|  accumulator_block_i/clk_wiz_1/inst/clk_out1                         | accumulator_block_i/microblaze_0_axi_intc/U0/INTC_CORE_I/ivar_index_sample_en_i                                                                                                                                     | accumulator_block_i/rst_clk_wiz_1_100M/U0/peripheral_aresetn[0]                                                                                                |                0 |              2 |
|  accumulator_block_i/clk_wiz_1/inst/clk_out1                         |                                                                                                                                                                                                                     | accumulator_block_i/microblaze_0_axi_intc/U0/INTC_CORE_I/p_4_out                                                                                               |                1 |              3 |
|  accumulator_block_i/clk_wiz_1/inst/clk_out1                         |                                                                                                                                                                                                                     | accumulator_block_i/microblaze_0/U0/MicroBlaze_Core_I/Performance.Core/Decode_I/mem_last_cycle                                                                 |                2 |              3 |
|  accumulator_block_i/clk_wiz_1/inst/clk_out1                         | accumulator_block_i/microblaze_0/U0/MicroBlaze_Core_I/Performance.Core/Decode_I/ex_sleep_i0                                                                                                                         | accumulator_block_i/microblaze_0/U0/MicroBlaze_Core_I/Performance.Core/Decode_I/ex_hibernate_i_i_1_n_0                                                         |                1 |              3 |
|  accumulator_block_i/clk_wiz_1/inst/clk_out1                         |                                                                                                                                                                                                                     | accumulator_block_i/axi_uart16550_0/U0/XUART_I_1/UART16550_I_1/GENERATING_FIFOS.rx_fifo_block_1/rx_fifo_control_1/iir_reg[0]                                   |                1 |              3 |
|  accumulator_block_i/clk_wiz_1/inst/clk_out1                         |                                                                                                                                                                                                                     | accumulator_block_i/microblaze_0_axi_intc/U0/INTC_CORE_I/p_5_out                                                                                               |                1 |              3 |
|  accumulator_block_i/clk_wiz_1/inst/clk_out1                         |                                                                                                                                                                                                                     | accumulator_block_i/axi_uart16550_0/U0/XUART_I_1/UART16550_I_1/lsr_reg019_out                                                                                  |                0 |              3 |
|  accumulator_block_i/clk_wiz_1/inst/clk_out1                         | accumulator_block_i/microblaze_0_axi_periph/xbar/inst/gen_sasd.crossbar_sasd_0/addr_arbiter_inst/any_grant                                                                                                          | accumulator_block_i/microblaze_0_axi_periph/xbar/inst/gen_sasd.crossbar_sasd_0/aresetn_d                                                                       |                1 |              3 |
|  accumulator_block_i/clk_wiz_1/inst/clk_out1                         |                                                                                                                                                                                                                     | accumulator_block_i/microblaze_0_axi_periph/xbar/inst/gen_sasd.crossbar_sasd_0/addr_arbiter_inst/m_ready_d_reg[0]_0[0]                                         |                0 |              3 |
|  accumulator_block_i/clk_wiz_1/inst/clk_out1                         | accumulator_block_i/axi_uart16550_0/U0/XUART_I_1/UART16550_I_1/GENERATING_FIFOS.fcr[7]_i_1_n_0                                                                                                                      | accumulator_block_i/axi_uart16550_0/U0/bus2ip_reset_int_core                                                                                                   |                0 |              3 |
|  accumulator_block_i/clk_wiz_1/inst/clk_out1                         |                                                                                                                                                                                                                     | accumulator_block_i/microblaze_0/U0/MicroBlaze_Core_I/Performance.Core/Decode_I/dbg_stop_i                                                                     |                1 |              3 |
|  accumulator_block_i/clk_wiz_1/inst/clk_out1                         |                                                                                                                                                                                                                     | accumulator_block_i/axi_uart16550_0/U0/XUART_I_1/UART16550_I_1/rx16550_1/framing_error_flag0                                                                   |                0 |              4 |
|  accumulator_block_i/clk_wiz_1/inst/clk_out1                         |                                                                                                                                                                                                                     | accumulator_block_i/axi_uart16550_0/U0/XUART_I_1/UART16550_I_1/msr_reg0                                                                                        |                0 |              4 |
|  accumulator_block_i/clk_wiz_1/inst/clk_out1                         |                                                                                                                                                                                                                     | accumulator_block_i/microblaze_0_axi_intc/U0/AXI_LITE_IPIF_I/I_SLAVE_ATTACHMENT/INCLUDE_DPHASE_TIMER.dpto_cnt[3]_i_1_n_0                                       |                1 |              4 |
|  accumulator_block_i/clk_wiz_1/inst/clk_out1                         |                                                                                                                                                                                                                     | accumulator_block_i/rst_clk_wiz_1_100M/U0/bus_struct_reset[0]                                                                                                  |                1 |              4 |
|  accumulator_block_i/clk_wiz_1/inst/clk_out1                         | accumulator_block_i/axi_uart16550_0/U0/XUART_I_1/UART16550_I_1/rx16550_1/clkdiv[3]_i_2_n_0                                                                                                                          | accumulator_block_i/axi_uart16550_0/U0/XUART_I_1/UART16550_I_1/rx16550_1/clkdiv[3]_i_1__0_n_0                                                                  |                1 |              4 |
|  accumulator_block_i/clk_wiz_1/inst/clk_out1                         | accumulator_block_i/axi_uart16550_0/U0/XUART_I_1/UART16550_I_1/tx16550_1/clkdiv[3]_i_1_n_0                                                                                                                          | accumulator_block_i/axi_uart16550_0/U0/bus2ip_reset_int_core                                                                                                   |                0 |              4 |
|  accumulator_block_i/clk_wiz_1/inst/clk_out1                         | accumulator_block_i/axi_uart16550_0/U0/XUART_I_1/UART16550_I_1/GENERATING_FIFOS.rx_error_in_fifo_cnt[3]_i_2_n_0                                                                                                     | accumulator_block_i/axi_uart16550_0/U0/XUART_I_1/UART16550_I_1/p_1_out                                                                                         |                1 |              4 |
|  accumulator_block_i/clk_wiz_1/inst/clk_out1                         | accumulator_block_i/axi_uart16550_0/U0/XUART_I_1/UART16550_I_1/ier1                                                                                                                                                 | accumulator_block_i/axi_uart16550_0/U0/bus2ip_reset_int_core                                                                                                   |                1 |              4 |
|  accumulator_block_i/clk_wiz_1/inst/clk_out1                         | accumulator_block_i/axi_uart16550_0/U0/XUART_I_1/UART16550_I_1/msr_reg0                                                                                                                                             |                                                                                                                                                                |                1 |              4 |
|  accumulator_block_i/clk_wiz_1/inst/clk_out1                         | accumulator_block_i/microblaze_0/U0/MicroBlaze_Core_I/Performance.Core/Decode_I/wb_MSR_i_reg[30][0]                                                                                                                 | accumulator_block_i/microblaze_0/U0/MicroBlaze_Core_I/sync_reset                                                                                               |                0 |              4 |
|  accumulator_block_i/clk_wiz_1/inst/clk_out1                         | accumulator_block_i/axi_uart16550_0/U0/AXI_LITE_IPIF_I/I_SLAVE_ATTACHMENT/bus2ip_addr_i[4]_i_1_n_0                                                                                                                  | accumulator_block_i/axi_uart16550_0/U0/bus2ip_reset_int_core                                                                                                   |                1 |              4 |
|  accumulator_block_i/mdm_1/U0/Use_E2.BSCAN_I/Ext_JTAG_UPDATE         | accumulator_block_i/mdm_1/U0/MDM_Core_I1/MDM_SEL                                                                                                                                                                    | accumulator_block_i/mdm_1/U0/Use_E2.BSCAN_I/sel                                                                                                                |                2 |              4 |
| ~accumulator_block_i/mdm_1/U0/Use_E2.BSCAN_I/Ext_JTAG_UPDATE         |                                                                                                                                                                                                                     | accumulator_block_i/mdm_1/U0/Use_E2.BSCAN_I/sel                                                                                                                |                1 |              4 |
|  accumulator_block_i/mdm_1/U0/No_Dbg_Reg_Access.BUFG_DRCK/Dbg_Clk_31 | accumulator_block_i/mdm_1/U0/MDM_Core_I1/p_0_out                                                                                                                                                                    | accumulator_block_i/mdm_1/U0/Use_E2.BSCAN_I/sel                                                                                                                |                0 |              4 |
|  accumulator_block_i/mdm_1/U0/Use_E2.BSCAN_I/Ext_JTAG_UPDATE         | accumulator_block_i/microblaze_0/U0/MicroBlaze_Core_I/Performance.Core/Use_Debug_Logic.Master_Core.Debug_Perf/Control_Reg_En                                                                                        |                                                                                                                                                                |                2 |              5 |
|  accumulator_block_i/clk_wiz_1/inst/clk_out1                         | accumulator_block_i/microblaze_0/U0/MicroBlaze_Core_I/Performance.Core/Decode_I/wb_Halted                                                                                                                           | accumulator_block_i/microblaze_0/U0/MicroBlaze_Core_I/sync_reset                                                                                               |                0 |              5 |
|  accumulator_block_i/clk_wiz_1/inst/clk_out1                         | accumulator_block_i/axi_uart16550_0/U0/XUART_I_1/UART16550_I_1/mcr0                                                                                                                                                 | accumulator_block_i/axi_uart16550_0/U0/bus2ip_reset_int_core                                                                                                   |                0 |              5 |
|  accumulator_block_i/clk_wiz_1/inst/clk_out1                         |                                                                                                                                                                                                                     | accumulator_block_i/rst_clk_wiz_1_100M/U0/EXT_LPF/lpf_int                                                                                                      |                2 |              5 |
|  accumulator_block_i/clk_wiz_1/inst/clk_out1                         |                                                                                                                                                                                                                     | accumulator_block_i/microblaze_0/U0/MicroBlaze_Core_I/Performance.Core/Data_Flow_I/FPU_I/Use_FPU.FPU_ADDSUB_I/mem_left_shift_4                                 |                2 |              5 |
|  accumulator_block_i/clk_wiz_1/inst/clk_out1                         | accumulator_block_i/microblaze_0/U0/MicroBlaze_Core_I/Performance.Core/mem_databus_ready_sel_carry_or/MUXCY_I/lopt_4                                                                                                | accumulator_block_i/microblaze_0/U0/MicroBlaze_Core_I/Performance.Core/Decode_I/Use_FPU.WB_FSR_reg[31][0]                                                      |                2 |              5 |
|  accumulator_block_i/clk_wiz_1/inst/clk_out1                         | accumulator_block_i/microblaze_0/U0/MicroBlaze_Core_I/Performance.Core/Data_Flow_I/FPU_I/Use_FPU.Using_FPGA_3.Gen_Bits[3].mem_fpu_norm_delay_Inst/E[0]                                                              | accumulator_block_i/microblaze_0/U0/MicroBlaze_Core_I/sync_reset                                                                                               |                0 |              5 |
|  accumulator_block_i/mdm_1/U0/No_Dbg_Reg_Access.BUFG_DRCK/Dbg_Clk_31 | accumulator_block_i/mdm_1/U0/Use_E2.BSCAN_I/Use_Serial_Unified_Completion.count_reg[5]_0[0]                                                                                                                         |                                                                                                                                                                |                1 |              6 |
|  accumulator_block_i/clk_wiz_1/inst/clk_out1                         | accumulator_block_i/microblaze_0/U0/MicroBlaze_Core_I/Performance.Core/Data_Flow_I/FPU_I/mem_float_operation_2                                                                                                      |                                                                                                                                                                |                0 |              6 |
|  accumulator_block_i/clk_wiz_1/inst/clk_out1                         |                                                                                                                                                                                                                     | accumulator_block_i/axi_uart16550_0/U0/XUART_I_1/UART16550_I_1/tx_fifo_rst                                                                                     |                2 |              6 |
|  accumulator_block_i/mdm_1/U0/No_Dbg_Reg_Access.BUFG_DRCK/Dbg_Clk_31 | accumulator_block_i/mdm_1/U0/Use_E2.BSCAN_I/E[0]                                                                                                                                                                    |                                                                                                                                                                |                2 |              6 |
|  accumulator_block_i/mdm_1/U0/No_Dbg_Reg_Access.BUFG_DRCK/Dbg_Clk_31 | accumulator_block_i/mdm_1/U0/MDM_Core_I1/JTAG_CONTROL_I/Use_BSCAN.FDC_I/Use_Serial_Unified_Completion.sample_1_reg[10][0]                                                                                           |                                                                                                                                                                |                0 |              6 |
|  accumulator_block_i/clk_wiz_1/inst/clk_out1                         | accumulator_block_i/rst_clk_wiz_1_100M/U0/SEQ/seq_cnt_en                                                                                                                                                            | accumulator_block_i/rst_clk_wiz_1_100M/U0/SEQ/seq_clr                                                                                                          |                1 |              6 |
|  accumulator_block_i/clk_wiz_1/inst/clk_out1                         |                                                                                                                                                                                                                     | accumulator_block_i/axi_uart16550_0/U0/XUART_I_1/UART16550_I_1/rx_fifo_rst                                                                                     |                2 |              6 |
|  accumulator_block_i/clk_wiz_1/inst/clk_out1                         | accumulator_block_i/hls_macc_0/inst/hls_macc_HLS_MACC_PERIPH_BUS_s_axi_U/waddr                                                                                                                                      |                                                                                                                                                                |                1 |              6 |
|  accumulator_block_i/clk_wiz_1/inst/clk_out1                         | accumulator_block_i/axi_uart16550_0/U0/XUART_I_1/UART16550_I_1/rx16550_1/clk1x                                                                                                                                      | accumulator_block_i/axi_uart16550_0/U0/XUART_I_1/UART16550_I_1/rx16550_1/parity_error_d0                                                                       |                3 |              7 |
|  accumulator_block_i/clk_wiz_1/inst/clk_out1                         | accumulator_block_i/axi_uart16550_0/U0/XUART_I_1/UART16550_I_1/dlm0                                                                                                                                                 | accumulator_block_i/axi_uart16550_0/U0/bus2ip_reset_int_core                                                                                                   |                0 |              8 |
|  accumulator_block_i/mdm_1/U0/No_Dbg_Reg_Access.BUFG_DRCK/Dbg_Clk_31 | accumulator_block_i/microblaze_0/U0/MicroBlaze_Core_I/Performance.Core/Use_Debug_Logic.Master_Core.Debug_Perf/Using_PC_Breakpoints.All_PC_Brks[0].Serial_Interface_1.address_hit_I/Compare[0].SRLC16E_I/which_pc__0 |                                                                                                                                                                |                7 |              8 |
|  accumulator_block_i/clk_wiz_1/inst/clk_out1                         | accumulator_block_i/axi_uart16550_0/U0/XUART_I_1/UART16550_I_1/p_92_in                                                                                                                                              | accumulator_block_i/axi_uart16550_0/U0/bus2ip_reset_int_core                                                                                                   |                4 |              8 |
|  accumulator_block_i/clk_wiz_1/inst/clk_out1                         | accumulator_block_i/microblaze_0_axi_intc/U0/AXI_LITE_IPIF_I/I_SLAVE_ATTACHMENT/bus2ip_addr_i[8]_i_1_n_0                                                                                                            | accumulator_block_i/microblaze_0_axi_intc/U0/AXI_LITE_IPIF_I/I_SLAVE_ATTACHMENT/rst                                                                            |                1 |              8 |
|  accumulator_block_i/clk_wiz_1/inst/clk_out1                         | accumulator_block_i/axi_uart16550_0/U0/XUART_I_1/UART16550_I_1/dll0                                                                                                                                                 | accumulator_block_i/axi_uart16550_0/U0/bus2ip_reset_int_core                                                                                                   |                1 |              8 |
|  accumulator_block_i/clk_wiz_1/inst/clk_out1                         | accumulator_block_i/axi_uart16550_0/U0/XUART_I_1/UART16550_I_1/Thr0                                                                                                                                                 | accumulator_block_i/axi_uart16550_0/U0/bus2ip_reset_int_core                                                                                                   |                2 |              8 |
|  accumulator_block_i/clk_wiz_1/inst/clk_out1                         | accumulator_block_i/axi_uart16550_0/U0/XUART_I_1/UART16550_I_1/xuart_tx_load_sm_1/tsr_com                                                                                                                           | accumulator_block_i/axi_uart16550_0/U0/bus2ip_reset_int_core                                                                                                   |                0 |              8 |
|  accumulator_block_i/clk_wiz_1/inst/clk_out1                         | accumulator_block_i/axi_uart16550_0/U0/XUART_I_1/UART16550_I_1/rx16550_1/rbr_d0                                                                                                                                     | accumulator_block_i/axi_uart16550_0/U0/XUART_I_1/UART16550_I_1/rx16550_1/rx_rst                                                                                |                1 |              8 |
|  accumulator_block_i/clk_wiz_1/inst/clk_out1                         | accumulator_block_i/axi_uart16550_0/U0/XUART_I_1/UART16550_I_1/rx16550_1/clk1x_d                                                                                                                                    | accumulator_block_i/axi_uart16550_0/U0/XUART_I_1/UART16550_I_1/rx16550_1/rx_rst                                                                                |                0 |              8 |
|  accumulator_block_i/clk_wiz_1/inst/clk_out1                         | accumulator_block_i/axi_uart16550_0/U0/XUART_I_1/UART16550_I_1/GENERATING_FIFOS.tx_fifo_block_1/srl_fifo_rbu_f_i1/DYNSHREG_F_I/tx_fifo_wr_en_i                                                                      |                                                                                                                                                                |                1 |              8 |
|  accumulator_block_i/clk_wiz_1/inst/clk_out1                         | accumulator_block_i/axi_uart16550_0/U0/XUART_I_1/UART16550_I_1/Lcr[7]_i_1_n_0                                                                                                                                       | accumulator_block_i/axi_uart16550_0/U0/bus2ip_reset_int_core                                                                                                   |                3 |              8 |
|  accumulator_block_i/clk_wiz_1/inst/clk_out1                         | accumulator_block_i/axi_uart16550_0/U0/XUART_I_1/UART16550_I_1/scr0                                                                                                                                                 | accumulator_block_i/axi_uart16550_0/U0/bus2ip_reset_int_core                                                                                                   |                0 |              8 |
|  accumulator_block_i/clk_wiz_1/inst/clk_out1                         | accumulator_block_i/axi_uart16550_0/U0/AXI_LITE_IPIF_I/I_SLAVE_ATTACHMENT/s_axi_rresp_i                                                                                                                             | accumulator_block_i/axi_uart16550_0/U0/bus2ip_reset_int_core                                                                                                   |                1 |              8 |
| ~accumulator_block_i/mdm_1/U0/Use_E2.BSCAN_I/Ext_JTAG_UPDATE         | accumulator_block_i/mdm_1/U0/MDM_Core_I1/JTAG_CONTROL_I/Use_BSCAN.command[0]_i_1_n_0                                                                                                                                |                                                                                                                                                                |                2 |              8 |
|  accumulator_block_i/mdm_1/U0/Use_E2.BSCAN_I/Ext_JTAG_UPDATE         | accumulator_block_i/mdm_1/U0/MDM_Core_I1/JTAG_CONTROL_I/Use_BSCAN.FDC_I/command_1_reg[7]_0[0]                                                                                                                       |                                                                                                                                                                |                1 |              8 |
|  accumulator_block_i/mdm_1/U0/No_Dbg_Reg_Access.BUFG_DRCK/Dbg_Clk_31 | accumulator_block_i/mdm_1/U0/MDM_Core_I1/JTAG_CONTROL_I/tdi_shifter0                                                                                                                                                |                                                                                                                                                                |                2 |              8 |
|  accumulator_block_i/clk_wiz_1/inst/clk_out1                         |                                                                                                                                                                                                                     | accumulator_block_i/microblaze_0_axi_intc/U0/AXI_LITE_IPIF_I/I_SLAVE_ATTACHMENT/rst                                                                            |                1 |              9 |
|  accumulator_block_i/clk_wiz_1/inst/clk_out1                         | accumulator_block_i/microblaze_0/U0/MicroBlaze_Core_I/Performance.Core/Decode_I/Use_MuxCy[3].OF_Piperun_Stage/MUXCY_I/mem_D_reg[31]                                                                                 | accumulator_block_i/microblaze_0/U0/MicroBlaze_Core_I/sync_reset                                                                                               |                3 |             10 |
|  accumulator_block_i/mdm_1/U0/No_Dbg_Reg_Access.BUFG_DRCK/Dbg_Clk_31 | accumulator_block_i/mdm_1/U0/MDM_Core_I1/JTAG_CONTROL_I/Use_BSCAN.FDC_I/E[0]                                                                                                                                        |                                                                                                                                                                |                2 |             10 |
|  accumulator_block_i/clk_wiz_1/inst/clk_out1                         | accumulator_block_i/axi_uart16550_0/U0/XUART_I_1/UART16550_I_1/GENERATING_FIFOS.rx_fifo_block_1/rx_fifo_control_1/character_counter0                                                                                | accumulator_block_i/axi_uart16550_0/U0/XUART_I_1/UART16550_I_1/rx16550_1/SR[0]                                                                                 |                2 |             10 |
|  accumulator_block_i/clk_wiz_1/inst/clk_out1                         | accumulator_block_i/axi_uart16550_0/U0/XUART_I_1/UART16550_I_1/rx16550_1/rx_fifo_wr_en_i                                                                                                                            |                                                                                                                                                                |                2 |             11 |
|  accumulator_block_i/clk_wiz_1/inst/clk_out1                         |                                                                                                                                                                                                                     | accumulator_block_i/microblaze_0_axi_periph/xbar/inst/gen_sasd.crossbar_sasd_0/aresetn_d                                                                       |                3 |             12 |
|  accumulator_block_i/clk_wiz_1/inst/clk_out1                         | accumulator_block_i/axi_uart16550_0/U0/XUART_I_1/UART16550_I_1/rx16550_1/rclk_int                                                                                                                                   | accumulator_block_i/axi_uart16550_0/U0/XUART_I_1/UART16550_I_1/rx16550_1/rx_rst                                                                                |                1 |             12 |
|  accumulator_block_i/clk_wiz_1/inst/clk_out1                         | accumulator_block_i/axi_uart16550_0/U0/XUART_I_1/UART16550_I_1/tx16550_1/Sout0                                                                                                                                      | accumulator_block_i/axi_uart16550_0/U0/bus2ip_reset_int_core                                                                                                   |                1 |             14 |
|  accumulator_block_i/clk_wiz_1/inst/clk_out1                         | accumulator_block_i/microblaze_0/U0/MicroBlaze_Core_I/Performance.Core/Decode_I/PreFetch_Buffer_I1/Instruction_Prefetch_Mux[0].Gen_Instr_DFF/imm_reg_reg[0][0]                                                      | accumulator_block_i/microblaze_0/U0/MicroBlaze_Core_I/sync_reset                                                                                               |                1 |             16 |
|  accumulator_block_i/clk_wiz_1/inst/clk_out1                         | accumulator_block_i/microblaze_0/U0/MicroBlaze_Core_I/Performance.Core/mem_databus_ready_sel_carry_or/MUXCY_I/lopt_4                                                                                                | accumulator_block_i/microblaze_0/U0/MicroBlaze_Core_I/Performance.Core/Data_Flow_I/Data_Flow_Logic_I/SR[0]                                                     |                4 |             17 |
|  accumulator_block_i/clk_wiz_1/inst/clk_out1                         | accumulator_block_i/hls_macc_0/inst/ap_CS_fsm_state2                                                                                                                                                                |                                                                                                                                                                |                0 |             17 |
|  accumulator_block_i/clk_wiz_1/inst/clk_out1                         | accumulator_block_i/microblaze_0_axi_intc/U0/AXI_LITE_IPIF_I/I_SLAVE_ATTACHMENT/start2                                                                                                                              | accumulator_block_i/microblaze_0_axi_intc/U0/AXI_LITE_IPIF_I/I_SLAVE_ATTACHMENT/I_DECODER/cs_ce_clr                                                            |                4 |             17 |
|  accumulator_block_i/clk_wiz_1/inst/clk_out1                         |                                                                                                                                                                                                                     | accumulator_block_i/axi_uart16550_0/U0/XUART_I_1/UART16550_I_1/rx16550_1/rx_rst                                                                                |                5 |             18 |
|  accumulator_block_i/clk_wiz_1/inst/clk_out1                         | accumulator_block_i/microblaze_0/U0/MicroBlaze_Core_I/Performance.Core/mem_databus_ready_sel_carry_or/MUXCY_I/lopt_4                                                                                                | accumulator_block_i/microblaze_0/U0/MicroBlaze_Core_I/sync_reset                                                                                               |                4 |             21 |
|  accumulator_block_i/mdm_1/U0/No_Dbg_Reg_Access.BUFG_DRCK/Dbg_Clk_31 |                                                                                                                                                                                                                     | accumulator_block_i/mdm_1/U0/Use_E2.BSCAN_I/Use_Serial_Unified_Completion.count_reg[5]                                                                         |                3 |             23 |
|  accumulator_block_i/clk_wiz_1/inst/clk_out1                         | accumulator_block_i/microblaze_0/U0/MicroBlaze_Core_I/Performance.Core/Decode_I/Use_MuxCy[3].OF_Piperun_Stage/MUXCY_I/mem_R_reg[7][0]                                                                               |                                                                                                                                                                |                1 |             24 |
|  accumulator_block_i/clk_wiz_1/inst/clk_out1                         | accumulator_block_i/microblaze_0/U0/MicroBlaze_Core_I/Performance.Core/Decode_I/Use_MuxCy[3].OF_Piperun_Stage/MUXCY_I/mem_D_reg[31]                                                                                 |                                                                                                                                                                |                2 |             24 |
|  accumulator_block_i/clk_wiz_1/inst/clk_out1                         | accumulator_block_i/microblaze_0/U0/MicroBlaze_Core_I/Performance.Core/Data_Flow_I/FPU_I/Use_FPU.FPU_DIV_I/E[0]                                                                                                     | accumulator_block_i/microblaze_0/U0/MicroBlaze_Core_I/Performance.Core/Data_Flow_I/FPU_I/Use_FPU.FPU_DIV_I/mem_reset_Q                                         |                4 |             24 |
|  accumulator_block_i/clk_wiz_1/inst/clk_out1                         | accumulator_block_i/microblaze_0_axi_periph/xbar/inst/gen_sasd.crossbar_sasd_0/addr_arbiter_inst/p_0_in                                                                                                             | accumulator_block_i/microblaze_0_axi_periph/xbar/inst/gen_sasd.crossbar_sasd_0/aresetn_d                                                                       |                2 |             25 |
|  accumulator_block_i/clk_wiz_1/inst/clk_out1                         |                                                                                                                                                                                                                     | accumulator_block_i/microblaze_0/U0/MicroBlaze_Core_I/Performance.Core/Data_Flow_I/FPU_I/Use_FPU.FPU_DIV_I/MEM_Div_Dec_Exp_40                                  |               12 |             26 |
|  accumulator_block_i/clk_wiz_1/inst/clk_out1                         | accumulator_block_i/hls_macc_0/inst/hls_macc_HLS_MACC_PERIPH_BUS_s_axi_U/ar_hs                                                                                                                                      | accumulator_block_i/hls_macc_0/inst/hls_macc_HLS_MACC_PERIPH_BUS_s_axi_U/rdata[31]_i_1_n_0                                                                     |                5 |             30 |
|  accumulator_block_i/clk_wiz_1/inst/clk_out1                         | accumulator_block_i/microblaze_0_axi_intc/U0/AXI_LITE_IPIF_I/I_SLAVE_ATTACHMENT/s_axi_rresp_i                                                                                                                       | accumulator_block_i/microblaze_0_axi_intc/U0/AXI_LITE_IPIF_I/I_SLAVE_ATTACHMENT/rst                                                                            |                2 |             32 |
|  accumulator_block_i/clk_wiz_1/inst/clk_out1                         | accumulator_block_i/hls_macc_0/inst/ap_CS_fsm_state3                                                                                                                                                                |                                                                                                                                                                |                4 |             32 |
|  accumulator_block_i/clk_wiz_1/inst/clk_out1                         | accumulator_block_i/microblaze_0/U0/MicroBlaze_Core_I/Performance.Core/Decode_I/ex_start_div                                                                                                                        |                                                                                                                                                                |                4 |             32 |
|  accumulator_block_i/clk_wiz_1/inst/clk_out1                         | accumulator_block_i/microblaze_0/U0/MicroBlaze_Core_I/Performance.Core/mem_databus_ready_sel_carry_or/MUXCY_I/lopt_4                                                                                                | accumulator_block_i/microblaze_0/U0/MicroBlaze_Core_I/Performance.Core/Data_Flow_I/Data_Flow_Logic_I/in0                                                       |                6 |             32 |
|  accumulator_block_i/clk_wiz_1/inst/clk_out1                         | accumulator_block_i/microblaze_0_axi_intc/U0/INTC_CORE_I/irq                                                                                                                                                        |                                                                                                                                                                |                1 |             32 |
|  accumulator_block_i/clk_wiz_1/inst/clk_out1                         | accumulator_block_i/hls_macc_0/inst/hls_macc_HLS_MACC_PERIPH_BUS_s_axi_U/int_b[31]_i_1_n_0                                                                                                                          | accumulator_block_i/rst_clk_wiz_1_100M/U0/peripheral_aresetn[0]                                                                                                |                0 |             32 |
|  accumulator_block_i/clk_wiz_1/inst/clk_out1                         | accumulator_block_i/microblaze_0/U0/MicroBlaze_Core_I/Performance.Core/mem_databus_ready_sel_carry_or/MUXCY_I/lopt_4                                                                                                | accumulator_block_i/microblaze_0/U0/MicroBlaze_Core_I/Performance.Core/Decode_I/WB_MEM_Result_reg[31][0]                                                       |                7 |             32 |
|  accumulator_block_i/clk_wiz_1/inst/clk_out1                         | accumulator_block_i/microblaze_0/U0/MicroBlaze_Core_I/Performance.Core/Decode_I/jump_logic_I1/MUXCY_JUMP_CARRY6/if_pc_reg[0][0]                                                                                     | accumulator_block_i/microblaze_0/U0/MicroBlaze_Core_I/sync_reset                                                                                               |                1 |             32 |
|  accumulator_block_i/clk_wiz_1/inst/clk_out1                         | accumulator_block_i/microblaze_0/U0/MicroBlaze_Core_I/Performance.Core/Use_Debug_Logic.Master_Core.Debug_Perf/data_rd_reg[0]_i_1_n_0                                                                                | accumulator_block_i/microblaze_0/U0/MicroBlaze_Core_I/sync_reset                                                                                               |                4 |             32 |
|  accumulator_block_i/clk_wiz_1/inst/clk_out1                         | accumulator_block_i/hls_macc_0/inst/hls_macc_HLS_MACC_PERIPH_BUS_s_axi_U/int_a[31]_i_1_n_0                                                                                                                          | accumulator_block_i/rst_clk_wiz_1_100M/U0/peripheral_aresetn[0]                                                                                                |               15 |             32 |
|  accumulator_block_i/clk_wiz_1/inst/clk_out1                         | accumulator_block_i/microblaze_0_axi_periph/xbar/inst/gen_sasd.crossbar_sasd_0/reg_slice_r/aa_rready                                                                                                                |                                                                                                                                                                |                1 |             32 |
|  accumulator_block_i/clk_wiz_1/inst/clk_out1                         | accumulator_block_i/microblaze_0/U0/MicroBlaze_Core_I/Performance.Core/Decode_I/Use_MuxCy[3].OF_Piperun_Stage/MUXCY_I/mem_pc_i_reg[0][0]                                                                            | accumulator_block_i/microblaze_0/U0/MicroBlaze_Core_I/sync_reset                                                                                               |                0 |             32 |
|  accumulator_block_i/clk_wiz_1/inst/clk_out1                         |                                                                                                                                                                                                                     | accumulator_block_i/microblaze_0/U0/MicroBlaze_Core_I/Performance.Core/p_1_out                                                                                 |                2 |             32 |
|  accumulator_block_i/clk_wiz_1/inst/clk_out1                         | accumulator_block_i/microblaze_0_axi_periph/xbar/inst/gen_sasd.crossbar_sasd_0/reg_slice_r/s_axi_rvalid[0]                                                                                                          | accumulator_block_i/microblaze_0/U0/MicroBlaze_Core_I/sync_reset                                                                                               |                4 |             32 |
|  accumulator_block_i/clk_wiz_1/inst/clk_out1                         | accumulator_block_i/hls_macc_0/inst/ap_CS_fsm_state3                                                                                                                                                                | accumulator_block_i/rst_clk_wiz_1_100M/U0/peripheral_aresetn[0]                                                                                                |                4 |             32 |
|  accumulator_block_i/clk_wiz_1/inst/clk_out1                         | accumulator_block_i/microblaze_0/U0/MicroBlaze_Core_I/Performance.Core/Data_Flow_I/Using_Div_Unit.Div_unit_I1/E[0]                                                                                                  | accumulator_block_i/microblaze_0/U0/MicroBlaze_Core_I/Performance.Core/Decode_I/ex_start_div                                                                   |                4 |             32 |
|  accumulator_block_i/mdm_1/U0/No_Dbg_Reg_Access.BUFG_DRCK/Dbg_Clk_31 | accumulator_block_i/microblaze_0/U0/MicroBlaze_Core_I/Performance.Core/Use_Debug_Logic.Master_Core.Debug_Perf/New_Dbg_Instr_TCK                                                                                     |                                                                                                                                                                |                9 |             32 |
|  accumulator_block_i/clk_wiz_1/inst/clk_out1                         | accumulator_block_i/microblaze_0/U0/MicroBlaze_Core_I/Performance.Core/mem_databus_ready_sel_carry_or/MUXCY_I/lopt_12                                                                                               | accumulator_block_i/microblaze_0/U0/MicroBlaze_Core_I/Performance.Core/Decode_I/R                                                                              |               21 |             32 |
|  accumulator_block_i/clk_wiz_1/inst/clk_out1                         | accumulator_block_i/microblaze_0_axi_periph/xbar/inst/gen_sasd.crossbar_sasd_0/addr_arbiter_inst/E[0]                                                                                                               |                                                                                                                                                                |                6 |             33 |
|  accumulator_block_i/clk_wiz_1/inst/clk_out1                         | accumulator_block_i/microblaze_0/U0/MicroBlaze_Core_I/Performance.Core/mem_databus_ready_sel_carry_or/MUXCY_I/lopt_12                                                                                               |                                                                                                                                                                |               16 |             33 |
|  accumulator_block_i/clk_wiz_1/inst/clk_out1                         | accumulator_block_i/microblaze_0/U0/MicroBlaze_Core_I/Performance.Core/Data_Flow_I/Using_Div_Unit.Div_unit_I1/Q0                                                                                                    | accumulator_block_i/microblaze_0/U0/MicroBlaze_Core_I/Performance.Core/Decode_I/Q_reg[32][0]                                                                   |                4 |             33 |
|  accumulator_block_i/clk_wiz_1/inst/clk_out1                         | accumulator_block_i/microblaze_0/U0/MicroBlaze_Core_I/Performance.Core/mem_databus_ready_sel_carry_or/MUXCY_I/lopt_4                                                                                                |                                                                                                                                                                |                5 |             34 |
|  accumulator_block_i/clk_wiz_1/inst/clk_out1                         | accumulator_block_i/microblaze_0/U0/MicroBlaze_Core_I/Performance.Core/mem_databus_ready_sel_carry_or/MUXCY_I/lopt_12                                                                                               | accumulator_block_i/microblaze_0/U0/MicroBlaze_Core_I/Performance.Core/Decode_I/SR[0]                                                                          |               11 |             36 |
|  accumulator_block_i/clk_wiz_1/inst/clk_out1                         |                                                                                                                                                                                                                     | accumulator_block_i/rst_clk_wiz_1_100M/U0/peripheral_aresetn[0]                                                                                                |                8 |             40 |
|  accumulator_block_i/clk_wiz_1/inst/clk_out1                         |                                                                                                                                                                                                                     | accumulator_block_i/axi_uart16550_0/U0/bus2ip_reset_int_core                                                                                                   |               12 |             45 |
|  accumulator_block_i/mdm_1/U0/No_Dbg_Reg_Access.BUFG_DRCK/Dbg_Clk_31 | accumulator_block_i/mdm_1/U0/Use_E2.BSCAN_I/Dbg_Capture_0                                                                                                                                                           |                                                                                                                                                                |                6 |             47 |
|  accumulator_block_i/clk_wiz_1/inst/clk_out1                         | accumulator_block_i/microblaze_0/U0/MicroBlaze_Core_I/Performance.Core/mem_databus_ready_sel_carry_or/MUXCY_I/lopt_12                                                                                               | accumulator_block_i/microblaze_0/U0/MicroBlaze_Core_I/Performance.Core/Decode_I/Use_HW_BS.Using_BitField.mem_mask1_reg[30]                                     |               10 |             63 |
|  accumulator_block_i/clk_wiz_1/inst/clk_out1                         | accumulator_block_i/microblaze_0_axi_intc/U0/AXI_LITE_IPIF_I/I_SLAVE_ATTACHMENT/I_DECODER/bus2ip_wrce[0]                                                                                                            |                                                                                                                                                                |                4 |             64 |
|  accumulator_block_i/clk_wiz_1/inst/clk_out1                         | accumulator_block_i/microblaze_0/U0/MicroBlaze_Core_I/Performance.Core/Use_Debug_Logic.Master_Core.Debug_Perf/IReady_0                                                                                              |                                                                                                                                                                |                6 |             75 |
|  accumulator_block_i/mdm_1/U0/No_Dbg_Reg_Access.BUFG_DRCK/Dbg_Clk_31 |                                                                                                                                                                                                                     |                                                                                                                                                                |               14 |             79 |
|  accumulator_block_i/clk_wiz_1/inst/clk_out1                         | accumulator_block_i/microblaze_0/U0/MicroBlaze_Core_I/Performance.Core/Decode_I/mb_halted_1_reg[16]                                                                                                                 |                                                                                                                                                                |                8 |            128 |
|  accumulator_block_i/clk_wiz_1/inst/clk_out1                         | accumulator_block_i/microblaze_0/U0/MicroBlaze_Core_I/Performance.Core/mem_databus_ready_sel_carry_or/MUXCY_I/lopt_12                                                                                               | accumulator_block_i/microblaze_0/U0/MicroBlaze_Core_I/sync_reset                                                                                               |               32 |            176 |
|  accumulator_block_i/clk_wiz_1/inst/clk_out1                         |                                                                                                                                                                                                                     | accumulator_block_i/microblaze_0/U0/MicroBlaze_Core_I/sync_reset                                                                                               |               58 |            208 |
|  accumulator_block_i/clk_wiz_1/inst/clk_out1                         | accumulator_block_i/microblaze_0/U0/MicroBlaze_Core_I/Performance.Core/Decode_I/Use_MuxCy[6].OF_Piperun_Stage/MUXCY_I/lopt_10                                                                                       | accumulator_block_i/microblaze_0/U0/MicroBlaze_Core_I/sync_reset                                                                                               |               48 |            238 |
|  accumulator_block_i/clk_wiz_1/inst/clk_out1                         |                                                                                                                                                                                                                     |                                                                                                                                                                |               59 |            345 |
+----------------------------------------------------------------------+---------------------------------------------------------------------------------------------------------------------------------------------------------------------------------------------------------------------+----------------------------------------------------------------------------------------------------------------------------------------------------------------+------------------+----------------+


